===================================

testing getting the about
-------------------------
url=https://cost-manager-restful-web-services-4ovd.onrender.com/api/about
data.status_code=404
{"error":"No developers found"}
{'error': 'No developers found'}


testing getting the report - 1
------------------------------
url=https://cost-manager-restful-web-services-4ovd.onrender.com/api/report/?id=123123&year=2025&month=2
data.status_code=200
{"userid":123123,"year":2025,"month":2,"costs":[{"food":[]},{"health":[]},{"housing":[]},{"sport":[]},{"education":[]}]}


testing adding cost item
----------------------------------
url=https://cost-manager-restful-web-services-4ovd.onrender.com/api/add
data.status_code=201
{"description":"milk 9","category":"food","userid":"123123","sum":8,"_id":"68238d04bbfa223871372c5b","createdAt":"2025-05-13T18:18:44.246Z","updatedAt":"2025-05-13T18:18:44.246Z","__v":0}


testing getting the report - 2
------------------------------
url=https://cost-manager-restful-web-services-4ovd.onrender.com/api/report/?id=123123&year=2025&month=2
data.status_code=200
{"userid":123123,"year":2025,"month":2,"costs":[{"food":[]},{"health":[]},{"housing":[]},{"sport":[]},{"education":[]}]}


